// Jest Snapshot v1, https://goo.gl/fbAQLP

exports[`ReferAFriendPage Component Component matches DOM Snapshot 1`] = `
<div>
  <div
    class="ViewStyled-sc-rqe5sa-0 ViewStyled__WrapperContent-sc-rqe5sa-6 klHjBi gVWyht"
  >
    <h1
      class="TextStyled-sc-9xia41-0 TitleStyled-sc-t58pjn-0 gwtqfM ONSni"
      color="#242A30"
      font-family="AdobeCleanExtraBold"
      font-size="36"
      letter-spacing="2"
    >
      Refer A Friend Page
    </h1>
  </div>
</div>
`;
