// Jest Snapshot v1, https://goo.gl/fbAQLP

exports[`AnimatedTicker Component renders AnimatedTicker unchanged 1`] = `
<div>
  <div
    class="ViewStyled-sc-rqe5sa-0 AnimatedTickerStyled__ContentWrapper-sc-nln3s6-0 fTsvHV jVekgM"
  >
    <div
      class="ViewStyled-sc-rqe5sa-0 kBewKp"
      display="flex"
    >
      <div
        class="ViewStyled-sc-rqe5sa-0 AnimatedTickerStyled__TitleWrapperStyled-sc-nln3s6-1 fTsvHV giwhCe"
      >
        <h1
          class="TextStyled-sc-9xia41-0 LandingPageStyled__TitleLandingPageStyled-sc-19vluzy-2 qecIO ekfgDB"
          color="#FFF"
          font-size="36"
          font-weight="700"
          letter-spacing="0.9"
        >
          Building your credit score and credit profile over time.
        </h1>
        <h1
          class="TextStyled-sc-9xia41-0 LandingPageStyled__TitleLandingPageStyled-sc-19vluzy-2 qecIO ekfgDB"
          color="#FFF"
          font-size="36"
          font-weight="700"
          letter-spacing="0.9"
        >
          The more bills you add, the more your score can improve.
        </h1>
      </div>
      <div
        class="ViewStyled-sc-rqe5sa-0 TickerStyled__TickerWrapperStyled-sc-x8b1pu-0 eQdhWe inONBg"
        color="#F22E3E"
        data-testid="digit-container"
        height="0"
      >
        <div
          class="TickerStyled__TickerColumn-sc-x8b1pu-1 TickerStyled__TickerColumnOne-sc-x8b1pu-2 ejdlmi duqavd"
        >
          <h2
            class="TickerStyled__TickerDigit-sc-x8b1pu-5 NgIke"
            font-size="70"
          >
            3
          </h2>
          <h2
            class="TickerStyled__TickerDigit-sc-x8b1pu-5 NgIke"
            font-size="70"
          >
            4
          </h2>
          <h2
            class="TickerStyled__TickerDigit-sc-x8b1pu-5 NgIke"
            font-size="70"
          >
            5
          </h2>
          <h2
            class="TickerStyled__TickerDigit-sc-x8b1pu-5 NgIke"
            font-size="70"
          >
            6
          </h2>
          <h2
            class="TickerStyled__TickerDigit-sc-x8b1pu-5 NgIke"
            font-size="70"
          >
            7
          </h2>
          <h2
            class="TickerStyled__TickerDigit-sc-x8b1pu-5 NgIke"
            font-size="70"
          >
            8
          </h2>
        </div>
        <div
          class="TickerStyled__TickerColumn-sc-x8b1pu-1 TickerStyled__TickerColumnTwo-sc-x8b1pu-3 ejdlmi JKGqo"
        >
          <h2
            class="TickerStyled__TickerDigit-sc-x8b1pu-5 NgIke"
            font-size="70"
          >
            0
          </h2>
          <h2
            class="TickerStyled__TickerDigit-sc-x8b1pu-5 NgIke"
            font-size="70"
          >
            1
          </h2>
          <h2
            class="TickerStyled__TickerDigit-sc-x8b1pu-5 NgIke"
            font-size="70"
          >
            2
          </h2>
          <h2
            class="TickerStyled__TickerDigit-sc-x8b1pu-5 NgIke"
            font-size="70"
          >
            3
          </h2>
          <h2
            class="TickerStyled__TickerDigit-sc-x8b1pu-5 NgIke"
            font-size="70"
          >
            4
          </h2>
          <h2
            class="TickerStyled__TickerDigit-sc-x8b1pu-5 NgIke"
            font-size="70"
          >
            5
          </h2>
          <h2
            class="TickerStyled__TickerDigit-sc-x8b1pu-5 NgIke"
            font-size="70"
          >
            6
          </h2>
          <h2
            class="TickerStyled__TickerDigit-sc-x8b1pu-5 NgIke"
            font-size="70"
          >
            7
          </h2>
          <h2
            class="TickerStyled__TickerDigit-sc-x8b1pu-5 NgIke"
            font-size="70"
          >
            8
          </h2>
          <h2
            class="TickerStyled__TickerDigit-sc-x8b1pu-5 NgIke"
            font-size="70"
          >
            9
          </h2>
          <h2
            class="TickerStyled__TickerDigit-sc-x8b1pu-5 NgIke"
            font-size="70"
          >
            0
          </h2>
          <h2
            class="TickerStyled__TickerDigit-sc-x8b1pu-5 NgIke"
            font-size="70"
          >
            1
          </h2>
          <h2
            class="TickerStyled__TickerDigit-sc-x8b1pu-5 NgIke"
            font-size="70"
          >
            2
          </h2>
          <h2
            class="TickerStyled__TickerDigit-sc-x8b1pu-5 NgIke"
            font-size="70"
          >
            3
          </h2>
          <h2
            class="TickerStyled__TickerDigit-sc-x8b1pu-5 NgIke"
            font-size="70"
          >
            4
          </h2>
          <h2
            class="TickerStyled__TickerDigit-sc-x8b1pu-5 NgIke"
            font-size="70"
          >
            5
          </h2>
          <h2
            class="TickerStyled__TickerDigit-sc-x8b1pu-5 NgIke"
            font-size="70"
          >
            6
          </h2>
          <h2
            class="TickerStyled__TickerDigit-sc-x8b1pu-5 NgIke"
            font-size="70"
          >
            7
          </h2>
          <h2
            class="TickerStyled__TickerDigit-sc-x8b1pu-5 NgIke"
            font-size="70"
          >
            8
          </h2>
          <h2
            class="TickerStyled__TickerDigit-sc-x8b1pu-5 NgIke"
            font-size="70"
          >
            9
          </h2>
          <h2
            class="TickerStyled__TickerDigit-sc-x8b1pu-5 NgIke"
            font-size="70"
          >
            0
          </h2>
          <h2
            class="TickerStyled__TickerDigit-sc-x8b1pu-5 NgIke"
            font-size="70"
          >
            1
          </h2>
          <h2
            class="TickerStyled__TickerDigit-sc-x8b1pu-5 NgIke"
            font-size="70"
          >
            2
          </h2>
          <h2
            class="TickerStyled__TickerDigit-sc-x8b1pu-5 NgIke"
            font-size="70"
          >
            3
          </h2>
          <h2
            class="TickerStyled__TickerDigit-sc-x8b1pu-5 NgIke"
            font-size="70"
          >
            4
          </h2>
          <h2
            class="TickerStyled__TickerDigit-sc-x8b1pu-5 NgIke"
            font-size="70"
          >
            5
          </h2>
          <h2
            class="TickerStyled__TickerDigit-sc-x8b1pu-5 NgIke"
            font-size="70"
          >
            6
          </h2>
          <h2
            class="TickerStyled__TickerDigit-sc-x8b1pu-5 NgIke"
            font-size="70"
          >
            7
          </h2>
          <h2
            class="TickerStyled__TickerDigit-sc-x8b1pu-5 NgIke"
            font-size="70"
          >
            8
          </h2>
          <h2
            class="TickerStyled__TickerDigit-sc-x8b1pu-5 NgIke"
            font-size="70"
          >
            9
          </h2>
        </div>
        <div
          class="TickerStyled__TickerColumn-sc-x8b1pu-1 TickerStyled__TickerColumnThree-sc-x8b1pu-4 ejdlmi lpsVtF"
        >
          <h2
            class="TickerStyled__TickerDigit-sc-x8b1pu-5 NgIke"
            font-size="70"
          >
            0
          </h2>
          <h2
            class="TickerStyled__TickerDigit-sc-x8b1pu-5 NgIke"
            font-size="70"
          >
            1
          </h2>
          <h2
            class="TickerStyled__TickerDigit-sc-x8b1pu-5 NgIke"
            font-size="70"
          >
            2
          </h2>
          <h2
            class="TickerStyled__TickerDigit-sc-x8b1pu-5 NgIke"
            font-size="70"
          >
            3
          </h2>
          <h2
            class="TickerStyled__TickerDigit-sc-x8b1pu-5 NgIke"
            font-size="70"
          >
            4
          </h2>
          <h2
            class="TickerStyled__TickerDigit-sc-x8b1pu-5 NgIke"
            font-size="70"
          >
            5
          </h2>
          <h2
            class="TickerStyled__TickerDigit-sc-x8b1pu-5 NgIke"
            font-size="70"
          >
            6
          </h2>
          <h2
            class="TickerStyled__TickerDigit-sc-x8b1pu-5 NgIke"
            font-size="70"
          >
            7
          </h2>
          <h2
            class="TickerStyled__TickerDigit-sc-x8b1pu-5 NgIke"
            font-size="70"
          >
            8
          </h2>
          <h2
            class="TickerStyled__TickerDigit-sc-x8b1pu-5 NgIke"
            font-size="70"
          >
            9
          </h2>
          <h2
            class="TickerStyled__TickerDigit-sc-x8b1pu-5 NgIke"
            font-size="70"
          >
            0
          </h2>
          <h2
            class="TickerStyled__TickerDigit-sc-x8b1pu-5 NgIke"
            font-size="70"
          >
            1
          </h2>
          <h2
            class="TickerStyled__TickerDigit-sc-x8b1pu-5 NgIke"
            font-size="70"
          >
            2
          </h2>
          <h2
            class="TickerStyled__TickerDigit-sc-x8b1pu-5 NgIke"
            font-size="70"
          >
            3
          </h2>
          <h2
            class="TickerStyled__TickerDigit-sc-x8b1pu-5 NgIke"
            font-size="70"
          >
            4
          </h2>
          <h2
            class="TickerStyled__TickerDigit-sc-x8b1pu-5 NgIke"
            font-size="70"
          >
            5
          </h2>
          <h2
            class="TickerStyled__TickerDigit-sc-x8b1pu-5 NgIke"
            font-size="70"
          >
            6
          </h2>
          <h2
            class="TickerStyled__TickerDigit-sc-x8b1pu-5 NgIke"
            font-size="70"
          >
            7
          </h2>
          <h2
            class="TickerStyled__TickerDigit-sc-x8b1pu-5 NgIke"
            font-size="70"
          >
            8
          </h2>
          <h2
            class="TickerStyled__TickerDigit-sc-x8b1pu-5 NgIke"
            font-size="70"
          >
            9
          </h2>
          <h2
            class="TickerStyled__TickerDigit-sc-x8b1pu-5 NgIke"
            font-size="70"
          >
            0
          </h2>
          <h2
            class="TickerStyled__TickerDigit-sc-x8b1pu-5 NgIke"
            font-size="70"
          >
            1
          </h2>
          <h2
            class="TickerStyled__TickerDigit-sc-x8b1pu-5 NgIke"
            font-size="70"
          >
            2
          </h2>
          <h2
            class="TickerStyled__TickerDigit-sc-x8b1pu-5 NgIke"
            font-size="70"
          >
            3
          </h2>
          <h2
            class="TickerStyled__TickerDigit-sc-x8b1pu-5 NgIke"
            font-size="70"
          >
            4
          </h2>
          <h2
            class="TickerStyled__TickerDigit-sc-x8b1pu-5 NgIke"
            font-size="70"
          >
            5
          </h2>
          <h2
            class="TickerStyled__TickerDigit-sc-x8b1pu-5 NgIke"
            font-size="70"
          >
            6
          </h2>
          <h2
            class="TickerStyled__TickerDigit-sc-x8b1pu-5 NgIke"
            font-size="70"
          >
            7
          </h2>
          <h2
            class="TickerStyled__TickerDigit-sc-x8b1pu-5 NgIke"
            font-size="70"
          >
            8
          </h2>
          <h2
            class="TickerStyled__TickerDigit-sc-x8b1pu-5 NgIke"
            font-size="70"
          >
            9
          </h2>
          <h2
            class="TickerStyled__TickerDigit-sc-x8b1pu-5 NgIke"
            font-size="70"
          >
            0
          </h2>
          <h2
            class="TickerStyled__TickerDigit-sc-x8b1pu-5 NgIke"
            font-size="70"
          >
            1
          </h2>
          <h2
            class="TickerStyled__TickerDigit-sc-x8b1pu-5 NgIke"
            font-size="70"
          >
            2
          </h2>
          <h2
            class="TickerStyled__TickerDigit-sc-x8b1pu-5 NgIke"
            font-size="70"
          >
            3
          </h2>
          <h2
            class="TickerStyled__TickerDigit-sc-x8b1pu-5 NgIke"
            font-size="70"
          >
            4
          </h2>
          <h2
            class="TickerStyled__TickerDigit-sc-x8b1pu-5 NgIke"
            font-size="70"
          >
            5
          </h2>
          <h2
            class="TickerStyled__TickerDigit-sc-x8b1pu-5 NgIke"
            font-size="70"
          >
            6
          </h2>
          <h2
            class="TickerStyled__TickerDigit-sc-x8b1pu-5 NgIke"
            font-size="70"
          >
            7
          </h2>
          <h2
            class="TickerStyled__TickerDigit-sc-x8b1pu-5 NgIke"
            font-size="70"
          >
            8
          </h2>
          <h2
            class="TickerStyled__TickerDigit-sc-x8b1pu-5 NgIke"
            font-size="70"
          >
            9
          </h2>
          <h2
            class="TickerStyled__TickerDigit-sc-x8b1pu-5 NgIke"
            font-size="70"
          >
            0
          </h2>
          <h2
            class="TickerStyled__TickerDigit-sc-x8b1pu-5 NgIke"
            font-size="70"
          >
            1
          </h2>
          <h2
            class="TickerStyled__TickerDigit-sc-x8b1pu-5 NgIke"
            font-size="70"
          >
            2
          </h2>
          <h2
            class="TickerStyled__TickerDigit-sc-x8b1pu-5 NgIke"
            font-size="70"
          >
            3
          </h2>
          <h2
            class="TickerStyled__TickerDigit-sc-x8b1pu-5 NgIke"
            font-size="70"
          >
            4
          </h2>
          <h2
            class="TickerStyled__TickerDigit-sc-x8b1pu-5 NgIke"
            font-size="70"
          >
            5
          </h2>
          <h2
            class="TickerStyled__TickerDigit-sc-x8b1pu-5 NgIke"
            font-size="70"
          >
            6
          </h2>
          <h2
            class="TickerStyled__TickerDigit-sc-x8b1pu-5 NgIke"
            font-size="70"
          >
            7
          </h2>
          <h2
            class="TickerStyled__TickerDigit-sc-x8b1pu-5 NgIke"
            font-size="70"
          >
            8
          </h2>
          <h2
            class="TickerStyled__TickerDigit-sc-x8b1pu-5 NgIke"
            font-size="70"
          >
            9
          </h2>
          <h2
            class="TickerStyled__TickerDigit-sc-x8b1pu-5 NgIke"
            font-size="70"
          >
            0
          </h2>
          <h2
            class="TickerStyled__TickerDigit-sc-x8b1pu-5 NgIke"
            font-size="70"
          >
            1
          </h2>
          <h2
            class="TickerStyled__TickerDigit-sc-x8b1pu-5 NgIke"
            font-size="70"
          >
            2
          </h2>
          <h2
            class="TickerStyled__TickerDigit-sc-x8b1pu-5 NgIke"
            font-size="70"
          >
            3
          </h2>
          <h2
            class="TickerStyled__TickerDigit-sc-x8b1pu-5 NgIke"
            font-size="70"
          >
            4
          </h2>
          <h2
            class="TickerStyled__TickerDigit-sc-x8b1pu-5 NgIke"
            font-size="70"
          >
            5
          </h2>
          <h2
            class="TickerStyled__TickerDigit-sc-x8b1pu-5 NgIke"
            font-size="70"
          >
            6
          </h2>
          <h2
            class="TickerStyled__TickerDigit-sc-x8b1pu-5 NgIke"
            font-size="70"
          >
            7
          </h2>
          <h2
            class="TickerStyled__TickerDigit-sc-x8b1pu-5 NgIke"
            font-size="70"
          >
            8
          </h2>
          <h2
            class="TickerStyled__TickerDigit-sc-x8b1pu-5 NgIke"
            font-size="70"
          >
            9
          </h2>
          <h2
            class="TickerStyled__TickerDigit-sc-x8b1pu-5 NgIke"
            font-size="70"
          >
            0
          </h2>
          <h2
            class="TickerStyled__TickerDigit-sc-x8b1pu-5 NgIke"
            font-size="70"
          >
            1
          </h2>
          <h2
            class="TickerStyled__TickerDigit-sc-x8b1pu-5 NgIke"
            font-size="70"
          >
            2
          </h2>
          <h2
            class="TickerStyled__TickerDigit-sc-x8b1pu-5 NgIke"
            font-size="70"
          >
            3
          </h2>
          <h2
            class="TickerStyled__TickerDigit-sc-x8b1pu-5 NgIke"
            font-size="70"
          >
            4
          </h2>
          <h2
            class="TickerStyled__TickerDigit-sc-x8b1pu-5 NgIke"
            font-size="70"
          >
            5
          </h2>
          <h2
            class="TickerStyled__TickerDigit-sc-x8b1pu-5 NgIke"
            font-size="70"
          >
            6
          </h2>
          <h2
            class="TickerStyled__TickerDigit-sc-x8b1pu-5 NgIke"
            font-size="70"
          >
            7
          </h2>
          <h2
            class="TickerStyled__TickerDigit-sc-x8b1pu-5 NgIke"
            font-size="70"
          >
            8
          </h2>
          <h2
            class="TickerStyled__TickerDigit-sc-x8b1pu-5 NgIke"
            font-size="70"
          >
            9
          </h2>
          <h2
            class="TickerStyled__TickerDigit-sc-x8b1pu-5 NgIke"
            font-size="70"
          >
            0
          </h2>
          <h2
            class="TickerStyled__TickerDigit-sc-x8b1pu-5 NgIke"
            font-size="70"
          >
            1
          </h2>
          <h2
            class="TickerStyled__TickerDigit-sc-x8b1pu-5 NgIke"
            font-size="70"
          >
            2
          </h2>
          <h2
            class="TickerStyled__TickerDigit-sc-x8b1pu-5 NgIke"
            font-size="70"
          >
            3
          </h2>
          <h2
            class="TickerStyled__TickerDigit-sc-x8b1pu-5 NgIke"
            font-size="70"
          >
            4
          </h2>
          <h2
            class="TickerStyled__TickerDigit-sc-x8b1pu-5 NgIke"
            font-size="70"
          >
            5
          </h2>
          <h2
            class="TickerStyled__TickerDigit-sc-x8b1pu-5 NgIke"
            font-size="70"
          >
            6
          </h2>
          <h2
            class="TickerStyled__TickerDigit-sc-x8b1pu-5 NgIke"
            font-size="70"
          >
            7
          </h2>
          <h2
            class="TickerStyled__TickerDigit-sc-x8b1pu-5 NgIke"
            font-size="70"
          >
            8
          </h2>
          <h2
            class="TickerStyled__TickerDigit-sc-x8b1pu-5 NgIke"
            font-size="70"
          >
            9
          </h2>
          <h2
            class="TickerStyled__TickerDigit-sc-x8b1pu-5 NgIke"
            font-size="70"
          >
            0
          </h2>
          <h2
            class="TickerStyled__TickerDigit-sc-x8b1pu-5 NgIke"
            font-size="70"
          >
            1
          </h2>
          <h2
            class="TickerStyled__TickerDigit-sc-x8b1pu-5 NgIke"
            font-size="70"
          >
            2
          </h2>
          <h2
            class="TickerStyled__TickerDigit-sc-x8b1pu-5 NgIke"
            font-size="70"
          >
            3
          </h2>
          <h2
            class="TickerStyled__TickerDigit-sc-x8b1pu-5 NgIke"
            font-size="70"
          >
            4
          </h2>
          <h2
            class="TickerStyled__TickerDigit-sc-x8b1pu-5 NgIke"
            font-size="70"
          >
            5
          </h2>
          <h2
            class="TickerStyled__TickerDigit-sc-x8b1pu-5 NgIke"
            font-size="70"
          >
            6
          </h2>
          <h2
            class="TickerStyled__TickerDigit-sc-x8b1pu-5 NgIke"
            font-size="70"
          >
            7
          </h2>
          <h2
            class="TickerStyled__TickerDigit-sc-x8b1pu-5 NgIke"
            font-size="70"
          >
            8
          </h2>
          <h2
            class="TickerStyled__TickerDigit-sc-x8b1pu-5 NgIke"
            font-size="70"
          >
            9
          </h2>
          <h2
            class="TickerStyled__TickerDigit-sc-x8b1pu-5 NgIke"
            font-size="70"
          >
            0
          </h2>
          <h2
            class="TickerStyled__TickerDigit-sc-x8b1pu-5 NgIke"
            font-size="70"
          >
            1
          </h2>
          <h2
            class="TickerStyled__TickerDigit-sc-x8b1pu-5 NgIke"
            font-size="70"
          >
            2
          </h2>
          <h2
            class="TickerStyled__TickerDigit-sc-x8b1pu-5 NgIke"
            font-size="70"
          >
            3
          </h2>
          <h2
            class="TickerStyled__TickerDigit-sc-x8b1pu-5 NgIke"
            font-size="70"
          >
            4
          </h2>
          <h2
            class="TickerStyled__TickerDigit-sc-x8b1pu-5 NgIke"
            font-size="70"
          >
            5
          </h2>
          <h2
            class="TickerStyled__TickerDigit-sc-x8b1pu-5 NgIke"
            font-size="70"
          >
            6
          </h2>
          <h2
            class="TickerStyled__TickerDigit-sc-x8b1pu-5 NgIke"
            font-size="70"
          >
            7
          </h2>
          <h2
            class="TickerStyled__TickerDigit-sc-x8b1pu-5 NgIke"
            font-size="70"
          >
            8
          </h2>
          <h2
            class="TickerStyled__TickerDigit-sc-x8b1pu-5 NgIke"
            font-size="70"
          >
            9
          </h2>
        </div>
      </div>
      <div
        class="TickerStyled__TickerSimulator-sc-x8b1pu-6 eiGKYT"
        font-size="70"
      >
        0
      </div>
    </div>
    <div
      class="ViewStyled-sc-rqe5sa-0 kBewKp"
      display="flex"
    >
      <h1
        class="TextStyled-sc-9xia41-0 LandingPageStyled__TitleLandingPageStyled-sc-19vluzy-2 qecIO ekfgDB"
        color="#FFF"
        font-size="36"
        font-weight="700"
        letter-spacing="0.9"
      >
        Switch off the gravity holding down your score.
      </h1>
      <a
        class="LinkStyled__ButtonLinkStyled-sc-626068-1 ilolYJ"
        data-testid="link"
        href="/sign-up"
        width="315"
      >
        Continue
      </a>
    </div>
  </div>
</div>
`;
