// Jest Snapshot v1, https://goo.gl/fbAQLP

exports[`AddBillModal matches snapshot 1`] = `
<DocumentFragment>
  <div
    class="ViewStyled-sc-rqe5sa-0 ModalStyled__BackDropStyled-sc-d5vki3-1 fTsvHV cnMCGd"
    data-testid="backdrop"
  >
    <div
      class="ViewStyled-sc-rqe5sa-0 ViewStyled__BoxShadowStyled-sc-rqe5sa-2 ModalStyled-sc-d5vki3-0 eUUuqy hTNOqC hmXhmG"
    >
      <div
        class="ModalStyled__ImageWrapper-sc-d5vki3-2 eSAkbC"
        data-testid="close-icon"
      >
        <span
          style="box-sizing: border-box; display: block; overflow: hidden; background: none; opacity: 1; border: 0px; margin: 0px; padding: 0px; position: absolute; top: 0px; left: 0px; bottom: 0px; right: 0px;"
        >
          <img
            alt="close-icon"
            data-nimg="fill"
            decoding="async"
            src="data:image/gif;base64,R0lGODlhAQABAIAAAAAAAP///yH5BAEAAAAALAAAAAABAAEAAAIBRAA7"
            style="position: absolute; top: 0px; left: 0px; bottom: 0px; right: 0px; box-sizing: border-box; padding: 0px; margin: auto; display: block; width: 0px; height: 0px; min-width: 100%; max-width: 100%; min-height: 100%; max-height: 100%;"
          />
          <noscript />
        </span>
      </div>
      <form
        class="ViewStyled-sc-rqe5sa-0 bbtxTf"
        display="flex"
        width="100%"
      >
        <span
          class="TextStyled-sc-9xia41-0 TitleStyled-sc-t58pjn-0 TitleStyled__TitlePageStyled-sc-t58pjn-1 jdHDfi epvbhg ilgUUT"
          color="#000"
          font-family="AdobeCleanExtraBold"
          font-size="36"
          font-weight="36"
        >
          Add Your Bill
        </span>
        <div
          class="ViewStyled-sc-rqe5sa-0 frRnNW"
          width="100%"
        >
          <div
            class="ViewStyled-sc-rqe5sa-0 ViewStyled__BorderWrapperStyled-sc-rqe5sa-4 kuBhDh eWayqq"
            data-testid="select"
            width="100%"
          >
            <div
              class="ViewStyled-sc-rqe5sa-0 InputStyled__WrapperInputStyled-sc-9gj86m-1 dUEIVo brcjID"
              color="#203F59"
              data-testid="inputIcon"
              display="block"
            >
              <div
                class="ViewStyled-sc-rqe5sa-0 InputStyled__WrapperIconStyled-sc-9gj86m-2 fTsvHV kHphsF"
              >
                <span
                  style="box-sizing: border-box; display: block; overflow: hidden; background: none; opacity: 1; border: 0px; margin: 0px; padding: 0px; position: absolute; top: 0px; left: 0px; bottom: 0px; right: 0px;"
                >
                  <img
                    alt="icon"
                    data-nimg="fill"
                    decoding="async"
                    src="data:image/gif;base64,R0lGODlhAQABAIAAAAAAAP///yH5BAEAAAAALAAAAAABAAEAAAIBRAA7"
                    style="position: absolute; top: 0px; left: 0px; bottom: 0px; right: 0px; box-sizing: border-box; padding: 0px; margin: auto; display: block; width: 0px; height: 0px; min-width: 100%; max-width: 100%; min-height: 100%; max-height: 100%;"
                  />
                  <noscript />
                </span>
              </div>
              <input
                class="InputStyled-sc-1k09cqb-0 InputStyled__InputItemStyled-sc-9gj86m-0 hnxmhM NDCRX"
                data-testid="iconInput"
                placeholder="Select Biller"
                type="text"
                value=""
              />
            </div>
          </div>
        </div>
        <div
          class="ViewStyled-sc-rqe5sa-0 InputStyled__WrapperInputStyled-sc-9gj86m-1 eVnnax brcjID"
          color="#203F59"
          data-testid="inputIcon"
          display="block"
        >
          <div
            class="ViewStyled-sc-rqe5sa-0 InputStyled__WrapperIconStyled-sc-9gj86m-2 fTsvHV kHphsF"
          >
            <span
              style="box-sizing: border-box; display: block; overflow: hidden; background: none; opacity: 1; border: 0px; margin: 0px; padding: 0px; position: absolute; top: 0px; left: 0px; bottom: 0px; right: 0px;"
            >
              <img
                alt="icon"
                data-nimg="fill"
                decoding="async"
                src="data:image/gif;base64,R0lGODlhAQABAIAAAAAAAP///yH5BAEAAAAALAAAAAABAAEAAAIBRAA7"
                style="position: absolute; top: 0px; left: 0px; bottom: 0px; right: 0px; box-sizing: border-box; padding: 0px; margin: auto; display: block; width: 0px; height: 0px; min-width: 100%; max-width: 100%; min-height: 100%; max-height: 100%;"
              />
              <noscript />
            </span>
          </div>
          <input
            class="InputStyled-sc-1k09cqb-0 InputStyled__InputItemStyled-sc-9gj86m-0 hnxmhM NDCRX"
            data-testid="iconInput"
            maxlength="12"
            name="amount"
            placeholder="Enter Amount"
            type="text"
            value=""
          />
        </div>
        <button
          class="ButtonStyled-sc-1ys9v52-0 kIqbUd"
          data-testid="button"
          disabled=""
          letter-spacing="0.69"
          type="submit"
        >
          Confirm & Add Bill
        </button>
      </form>
    </div>
  </div>
</DocumentFragment>
`;
